Connected to DB
Test Room: 1, ID: 69450ec818ae7d6afc35a929
Set room occupancy to 1.
Created dummy confirmed booking.
Logic Check 1 (Should be Full): Count=3, Capacity=1, IsFull=true
Logic Check 2 (Should be Available): Count=2, Capacity=1, IsFull=true
node : Test Failed: Error: 
Logic failed: Room should be 
available.
At line:1 char:1
+ node test_auto_full.js > 
test_output.txt 2>&1
+ ~~~~~~~~~~~~~~~~~~~~~~~~~~~
~~~~~~~~~~~~~~~~~~
    + CategoryInfo           
   : NotSpecified: (Test Fa  
  iled: Er...d be availabl   
 e.:String) [], RemoteExc    
eption
    + FullyQualifiedErrorId  
   : NativeCommandError
 
    at runTest (D:\Lyvo-\Lyvo
-Backend\test_auto_full.js:78
:28)
    at process.processTicksAn
dRejections (node:internal/pr
ocess/task_queues:95:5)
